// Jest Snapshot v1, https://goo.gl/fbAQLP

exports[`Test SpaceX Loader Component 1`] = `
<i
  class="fas fa-spin fa-cog spacex-loader"
/>
`;
